../Core/Src/st7735.c:116:13:ST7735_GPIO_Init	4	static
../Core/Src/st7735.c:134:13:ST7735_Reset	8	static
../Core/Src/st7735.c:141:13:ST7735_WriteCommand	16	static
../Core/Src/st7735.c:152:13:ST7735_WriteData	16	static
../Core/Src/st7735.c:164:13:ST7735_ExecuteCommandList	24	static
../Core/Src/st7735.c:194:13:ST7735_SetAddressWindow	32	static
../Core/Src/st7735.c:211:13:ST7735_WriteChar	48	static
../Core/Src/st7735.c:236:6:ST7735_Init	8	static
../Core/Src/st7735.c:247:6:ST7735_DrawPixel	24	static
../Core/Src/st7735.c:263:6:ST7735_DrawString	32	static
../Core/Src/st7735.c:295:6:ST7735_FillRectangle	32	static
../Core/Src/st7735.c:335:6:ST7735_FillScreen	24	static
../Core/Src/st7735.c:340:6:ST7735_DrawImage	24	static
../Core/Src/st7735.c:365:6:ST7735_DrawTouchGFX	56	dynamic
../Core/Src/st7735.c:402:6:ST7735_InvertColors	16	static
../Core/Src/st7735.c:411:6:ST7735_Backlight_On	4	static
../Core/Src/st7735.c:416:6:ST7735_Backlight_Off	4	static
../Core/Src/st7735.c:421:6:ST7735_DrawCircle	32	static
../Core/Src/st7735.c:457:6:ST7735_DrawCircleHelper	32	static
../Core/Src/st7735.c:499:6:ST7735_FillCircle	32	static
../Core/Src/st7735.c:505:6:ST7735_FillCircleHelper	32	static
../Core/Src/st7735.c:538:6:ST7735_DrawEllipse	48	static
../Core/Src/st7735.c:590:6:ST7735_FillEllipse	48	static
../Core/Src/st7735.c:638:6:ST7735_DrawRect	24	static
../Core/Src/st7735.c:646:6:ST7735_DrawRoundRect	32	static
../Core/Src/st7735.c:660:6:ST7735_FillRoundRect	32	static
../Core/Src/st7735.c:670:6:ST7735_DrawTriangle	32	static
../Core/Src/st7735.c:677:6:ST7735_FillTriangle	64	static
../Core/Src/st7735.c:762:6:ST7735_DrawLine	48	static
../Core/Src/st7735.c:812:6:ST7735_DrawFastVLine	32	static
../Core/Src/st7735.c:828:6:ST7735_DrawFastHLine	32	static
../Core/Src/st7735.c:844:6:ST7735_SetRotation	24	static
../Core/Src/st7735.c:898:9:ST7735_GetRotation	4	static
../Core/Src/st7735.c:903:9:ST7735_GetHeight	4	static
../Core/Src/st7735.c:908:9:ST7735_GetWidth	4	static
